<?xml version="1.0" encoding="utf-8"?>
<geo:GeodesyML gml:id="T00200Unknown_Country" xmlns:gco="http://www.isotc211.org/2005/gco" xmlns:geo="urn:xml-gov-au:icsm:egeodesy:0.4" xmlns:gmd="http://www.isotc211.org/2005/gmd" xmlns:gml="http://www.opengis.net/gml/3.2">
    <geo:siteLog gml:id="t002_20170101.log">
        <geo:formInformation>
            <geo:preparedBy></geo:preparedBy>
            <geo:datePrepared></geo:datePrepared>
            <geo:reportType></geo:reportType>
        </geo:formInformation>
        <geo:siteIdentification>
            <geo:siteName></geo:siteName>
            <geo:fourCharacterID>T002</geo:fourCharacterID>
            <geo:monumentInscription></geo:monumentInscription>
            <geo:iersDOMESNumber></geo:iersDOMESNumber>
            <geo:cdpNumber></geo:cdpNumber>
            <geo:monumentDescription codeSpace="urn:ga-gov-au:monument-description-type"></geo:monumentDescription>
            <geo:heightOfTheMonument>0.5</geo:heightOfTheMonument>
            <geo:monumentFoundation></geo:monumentFoundation>
            <geo:markerDescription></geo:markerDescription>
            <geo:dateInstalled></geo:dateInstalled>
            <geo:geologicCharacteristic codeSpace="urn:ga-gov-au:geologic-characteristic-type"></geo:geologicCharacteristic>
            <geo:bedrockType></geo:bedrockType>
            <geo:bedrockCondition></geo:bedrockCondition>
            <geo:fractureSpacing></geo:fractureSpacing>
            <geo:faultZonesNearby codeSpace="urn:ga-gov-au:fault-zones-type"></geo:faultZonesNearby>
            <geo:distance-Activity></geo:distance-Activity>
            <geo:notes></geo:notes>
        </geo:siteIdentification>
        <geo:siteLocation>
            <geo:city></geo:city>
            <geo:state></geo:state>
            <geo:countryCodeISO codeList="http://xml.gov.au/icsm/geodesyml/codelists/country-codes-codelist.xml#GeodesyML_CountryCode" codeListValue="Unknown Country" codeSpace="urn:xml-gov-au:icsm:egeodesy:0.4">Unknown Country</geo:countryCodeISO>
            <geo:tectonicPlate codeSpace="urn:ga-gov-au:plate-type"></geo:tectonicPlate>
            <geo:approximatePositionITRF>
                <geo:cartesianPosition>
                    <gml:Point gml:id="itrf_cartesian" srsName="EPSG:7789">
                        <gml:pos>1.0 2.0 3.0</gml:pos>
                    </gml:Point>
                </geo:cartesianPosition>
                <geo:geodeticPosition>
                    <gml:Point gml:id="itrf_geodetic" srsName="EPSG:7912">
                        <gml:pos>12.2033888889 123.203388889 1.0</gml:pos>
                    </gml:Point>
                </geo:geodeticPosition>
            </geo:approximatePositionITRF>
            <geo:notes></geo:notes>
        </geo:siteLocation>
        <geo:siteContact gml:id="agency-1">
            <gmd:MD_SecurityConstraints>
                <gmd:classification gco:nilReason="missing"/>
            </gmd:MD_SecurityConstraints>
            <gmd:CI_ResponsibleParty>
                <gmd:individualName>
                    <gco:CharacterString></gco:CharacterString>
                </gmd:individualName>
                <gmd:organisationName>
                    <gco:CharacterString></gco:CharacterString>
                </gmd:organisationName>
                <gmd:contactInfo>
                    <gmd:CI_Contact>
                        <gmd:phone>
                            <gmd:CI_Telephone>
                                <gmd:voice>
                                    <gco:CharacterString></gco:CharacterString>
                                </gmd:voice>
                                <gmd:voice>
                                    <gco:CharacterString></gco:CharacterString>
                                </gmd:voice>
                                <gmd:facsimile>
                                    <gco:CharacterString></gco:CharacterString>
                                </gmd:facsimile>
                            </gmd:CI_Telephone>
                        </gmd:phone>
                        <gmd:address>
                            <gmd:CI_Address id="address-1">
                                <gmd:deliveryPoint>
                                    <gco:CharacterString></gco:CharacterString>
                                </gmd:deliveryPoint>
                                <gmd:city>
                                    <gco:CharacterString></gco:CharacterString>
                                </gmd:city>
                                <gmd:postalCode>
                                    <gco:CharacterString></gco:CharacterString>
                                </gmd:postalCode>
                                <gmd:country>
                                    <gco:CharacterString></gco:CharacterString>
                                </gmd:country>
                                <gmd:electronicMailAddress>
                                    <gco:CharacterString></gco:CharacterString>
                                </gmd:electronicMailAddress>
                            </gmd:CI_Address>
                        </gmd:address>
                    </gmd:CI_Contact>
                </gmd:contactInfo>
                <gmd:role>
                    <gmd:CI_RoleCode codeList="http://www.isotc211.org/2005/resources/Codelist/gmxCodelists.xml#CI_RoleCode" codeListValue="pointOfContact"></gmd:CI_RoleCode>
                </gmd:role>
            </gmd:CI_ResponsibleParty>
        </geo:siteContact>
        <geo:siteContact gml:id="agency-2">
            <gmd:MD_SecurityConstraints>
                <gmd:classification gco:nilReason="missing"/>
            </gmd:MD_SecurityConstraints>
            <gmd:CI_ResponsibleParty>
                <gmd:individualName>
                    <gco:CharacterString></gco:CharacterString>
                </gmd:individualName>
                <gmd:organisationName>
                    <gco:CharacterString></gco:CharacterString>
                </gmd:organisationName>
                <gmd:contactInfo>
                    <gmd:CI_Contact>
                        <gmd:phone>
                            <gmd:CI_Telephone>
                                <gmd:voice>
                                    <gco:CharacterString></gco:CharacterString>
                                </gmd:voice>
                                <gmd:voice>
                                    <gco:CharacterString></gco:CharacterString>
                                </gmd:voice>
                                <gmd:facsimile>
                                    <gco:CharacterString></gco:CharacterString>
                                </gmd:facsimile>
                            </gmd:CI_Telephone>
                        </gmd:phone>
                        <gmd:address>
                            <gmd:CI_Address id="address-2">
                                <gmd:deliveryPoint>
                                    <gco:CharacterString></gco:CharacterString>
                                </gmd:deliveryPoint>
                                <gmd:city>
                                    <gco:CharacterString></gco:CharacterString>
                                </gmd:city>
                                <gmd:postalCode>
                                    <gco:CharacterString></gco:CharacterString>
                                </gmd:postalCode>
                                <gmd:country>
                                    <gco:CharacterString></gco:CharacterString>
                                </gmd:country>
                                <gmd:electronicMailAddress>
                                    <gco:CharacterString></gco:CharacterString>
                                </gmd:electronicMailAddress>
                            </gmd:CI_Address>
                        </gmd:address>
                    </gmd:CI_Contact>
                </gmd:contactInfo>
                <gmd:role>
                    <gmd:CI_RoleCode codeList="http://www.isotc211.org/2005/resources/Codelist/gmxCodelists.xml#CI_RoleCode" codeListValue="pointOfContact"></gmd:CI_RoleCode>
                </gmd:role>
            </gmd:CI_ResponsibleParty>
        </geo:siteContact>
        <geo:siteMetadataCustodian gml:id="agency-3">
            <gmd:MD_SecurityConstraints>
                <gmd:classification gco:nilReason="missing"/>
            </gmd:MD_SecurityConstraints>
            <gmd:CI_ResponsibleParty>
                <gmd:individualName>
                    <gco:CharacterString></gco:CharacterString>
                </gmd:individualName>
                <gmd:organisationName>
                    <gco:CharacterString></gco:CharacterString>
                </gmd:organisationName>
                <gmd:contactInfo>
                    <gmd:CI_Contact>
                        <gmd:phone>
                            <gmd:CI_Telephone>
                                <gmd:voice>
                                    <gco:CharacterString></gco:CharacterString>
                                </gmd:voice>
                                <gmd:voice>
                                    <gco:CharacterString></gco:CharacterString>
                                </gmd:voice>
                                <gmd:facsimile>
                                    <gco:CharacterString></gco:CharacterString>
                                </gmd:facsimile>
                            </gmd:CI_Telephone>
                        </gmd:phone>
                        <gmd:address>
                            <gmd:CI_Address id="address-3">
                                <gmd:deliveryPoint>
                                    <gco:CharacterString></gco:CharacterString>
                                </gmd:deliveryPoint>
                                <gmd:city>
                                    <gco:CharacterString></gco:CharacterString>
                                </gmd:city>
                                <gmd:postalCode>
                                    <gco:CharacterString></gco:CharacterString>
                                </gmd:postalCode>
                                <gmd:country>
                                    <gco:CharacterString></gco:CharacterString>
                                </gmd:country>
                                <gmd:electronicMailAddress>
                                    <gco:CharacterString></gco:CharacterString>
                                </gmd:electronicMailAddress>
                            </gmd:CI_Address>
                        </gmd:address>
                    </gmd:CI_Contact>
                </gmd:contactInfo>
                <gmd:role>
                    <gmd:CI_RoleCode codeList="http://www.isotc211.org/2005/resources/Codelist/gmxCodelists.xml#CI_RoleCode" codeListValue="pointOfContact"></gmd:CI_RoleCode>
                </gmd:role>
            </gmd:CI_ResponsibleParty>
        </geo:siteMetadataCustodian>
        <geo:moreInformation>
            <geo:dataCenter></geo:dataCenter>
            <geo:dataCenter></geo:dataCenter>
            <geo:urlForMoreInformation></geo:urlForMoreInformation>
            <geo:siteMap></geo:siteMap>
            <geo:siteDiagram></geo:siteDiagram>
            <geo:horizonMask></geo:horizonMask>
            <geo:monumentDescription></geo:monumentDescription>
            <geo:sitePictures></geo:sitePictures>
            <geo:notes></geo:notes>
            <geo:antennaGraphicsWithDimensions></geo:antennaGraphicsWithDimensions>
            <geo:insertTextGraphicFromAntenna></geo:insertTextGraphicFromAntenna>
            <geo:DOI codeSpace="urn:ga-gov-au:self.moreInformation-type">TODO</geo:DOI>
        </geo:moreInformation>
    </geo:siteLog>
</geo:GeodesyML>
